[2m2026-09-12T07:51:40.960288+07:00[0m [31mERROR[0m [2mballista_cli::tui::http_client[0m[2m:[0m Failed to parse cancel response: Reqwest(reqwest::Error { kind: Decode, url: "http://localhost:50050/api/job/AUEiq6v", source: Error("missing field `canceled`", line: 1, column: 18) })
[2m2026-09-12T07:57:24.812111+07:00[0m [31mERROR[0m [2mballista_cli::tui::http_client[0m[2m:[0m The HTTP GET request failed: reqwest::Error { kind: Request, url: "http://localhost:50050/api/jobs", source: hyper_util::client::legacy::Error(Connect, ConnectError("tcp connect error", [::1]:50050, Os { code: 61, kind: ConnectionRefused, message: "Connection refused" })) }
[2m2026-09-12T07:57:24.81223+07:00[0m [31mERROR[0m [2mballista_cli::tui::ui::main::jobs[0m[2m:[0m Failed to load the jobs: Reqwest(reqwest::Error { kind: Request, url: "http://localhost:50050/api/jobs", source: hyper_util::client::legacy::Error(Connect, ConnectError("tcp connect error", [::1]:50050, Os { code: 61, kind: ConnectionRefused, message: "Connection refused" })) })
[2m2026-09-12T07:57:26.812239+07:00[0m [31mERROR[0m [2mballista_cli::tui::http_client[0m[2m:[0m The HTTP GET request failed: reqwest::Error { kind: Request, url: "http://localhost:50050/api/jobs", source: hyper_util::client::legacy::Error(Connect, ConnectError("tcp connect error", [::1]:50050, Os { code: 61, kind: ConnectionRefused, message: "Connection refused" })) }
[2m2026-09-12T07:57:26.81252+07:00[0m [31mERROR[0m [2mballista_cli::tui::ui::main::jobs[0m[2m:[0m Failed to load the jobs: Reqwest(reqwest::Error { kind: Request, url: "http://localhost:50050/api/jobs", source: hyper_util::client::legacy::Error(Connect, ConnectError("tcp connect error", [::1]:50050, Os { code: 61, kind: ConnectionRefused, message: "Connection refused" })) })
[2m2026-09-12T07:57:28.8134+07:00[0m [31mERROR[0m [2mballista_cli::tui::http_client[0m[2m:[0m The HTTP GET request failed: reqwest::Error { kind: Request, url: "http://localhost:50050/api/jobs", source: hyper_util::client::legacy::Error(Connect, ConnectError("tcp connect error", [::1]:50050, Os { code: 61, kind: ConnectionRefused, message: "Connection refused" })) }
[2m2026-09-12T07:57:28.81349+07:00[0m [31mERROR[0m [2mballista_cli::tui::ui::main::jobs[0m[2m:[0m Failed to load the jobs: Reqwest(reqwest::Error { kind: Request, url: "http://localhost:50050/api/jobs", source: hyper_util::client::legacy::Error(Connect, ConnectError("tcp connect error", [::1]:50050, Os { code: 61, kind: ConnectionRefused, message: "Connection refused" })) })
[2m2026-09-12T07:57:30.810952+07:00[0m [31mERROR[0m [2mballista_cli::tui::http_client[0m[2m:[0m The HTTP GET request failed: reqwest::Error { kind: Request, url: "http://localhost:50050/api/jobs", source: hyper_util::client::legacy::Error(Connect, ConnectError("tcp connect error", [::1]:50050, Os { code: 61, kind: ConnectionRefused, message: "Connection refused" })) }
[2m2026-09-12T07:57:30.810998+07:00[0m [31mERROR[0m [2mballista_cli::tui::ui::main::jobs[0m[2m:[0m Failed to load the jobs: Reqwest(reqwest::Error { kind: Request, url: "http://localhost:50050/api/jobs", source: hyper_util::client::legacy::Error(Connect, ConnectError("tcp connect error", [::1]:50050, Os { code: 61, kind: ConnectionRefused, message: "Connection refused" })) })
[2m2026-09-12T07:57:32.809951+07:00[0m [31mERROR[0m [2mballista_cli::tui::http_client[0m[2m:[0m The HTTP GET request failed: reqwest::Error { kind: Request, url: "http://localhost:50050/api/jobs", source: hyper_util::client::legacy::Error(Connect, ConnectError("tcp connect error", [::1]:50050, Os { code: 61, kind: ConnectionRefused, message: "Connection refused" })) }
[2m2026-09-12T07:57:32.809998+07:00[0m [31mERROR[0m [2mballista_cli::tui::ui::main::jobs[0m[2m:[0m Failed to load the jobs: Reqwest(reqwest::Error { kind: Request, url: "http://localhost:50050/api/jobs", source: hyper_util::client::legacy::Error(Connect, ConnectError("tcp connect error", [::1]:50050, Os { code: 61, kind: ConnectionRefused, message: "Connection refused" })) })
[2m2026-09-12T07:57:34.813211+07:00[0m [31mERROR[0m [2mballista_cli::tui::http_client[0m[2m:[0m The HTTP GET request failed: reqwest::Error { kind: Request, url: "http://localhost:50050/api/jobs", source: hyper_util::client::legacy::Error(Connect, ConnectError("tcp connect error", [::1]:50050, Os { code: 61, kind: ConnectionRefused, message: "Connection refused" })) }
[2m2026-09-12T07:57:34.813284+07:00[0m [31mERROR[0m [2mballista_cli::tui::ui::main::jobs[0m[2m:[0m Failed to load the jobs: Reqwest(reqwest::Error { kind: Request, url: "http://localhost:50050/api/jobs", source: hyper_util::client::legacy::Error(Connect, ConnectError("tcp connect error", [::1]:50050, Os { code: 61, kind: ConnectionRefused, message: "Connection refused" })) })
[2m2026-09-12T07:57:36.811871+07:00[0m [31mERROR[0m [2mballista_cli::tui::http_client[0m[2m:[0m The HTTP GET request failed: reqwest::Error { kind: Request, url: "http://localhost:50050/api/jobs", source: hyper_util::client::legacy::Error(Connect, ConnectError("tcp connect error", [::1]:50050, Os { code: 61, kind: ConnectionRefused, message: "Connection refused" })) }
[2m2026-09-12T07:57:36.811937+07:00[0m [31mERROR[0m [2mballista_cli::tui::ui::main::jobs[0m[2m:[0m Failed to load the jobs: Reqwest(reqwest::Error { kind: Request, url: "http://localhost:50050/api/jobs", source: hyper_util::client::legacy::Error(Connect, ConnectError("tcp connect error", [::1]:50050, Os { code: 61, kind: ConnectionRefused, message: "Connection refused" })) })
[2m2026-09-12T07:57:38.811437+07:00[0m [31mERROR[0m [2mballista_cli::tui::http_client[0m[2m:[0m The HTTP GET request failed: reqwest::Error { kind: Request, url: "http://localhost:50050/api/jobs", source: hyper_util::client::legacy::Error(Connect, ConnectError("tcp connect error", [::1]:50050, Os { code: 61, kind: ConnectionRefused, message: "Connection refused" })) }
[2m2026-09-12T07:57:38.811473+07:00[0m [31mERROR[0m [2mballista_cli::tui::ui::main::jobs[0m[2m:[0m Failed to load the jobs: Reqwest(reqwest::Error { kind: Request, url: "http://localhost:50050/api/jobs", source: hyper_util::client::legacy::Error(Connect, ConnectError("tcp connect error", [::1]:50050, Os { code: 61, kind: ConnectionRefused, message: "Connection refused" })) })
[2m2026-09-12T07:57:40.810552+07:00[0m [31mERROR[0m [2mballista_cli::tui::http_client[0m[2m:[0m The HTTP GET request failed: reqwest::Error { kind: Request, url: "http://localhost:50050/api/jobs", source: hyper_util::client::legacy::Error(Connect, ConnectError("tcp connect error", [::1]:50050, Os { code: 61, kind: ConnectionRefused, message: "Connection refused" })) }
[2m2026-09-12T07:57:40.810596+07:00[0m [31mERROR[0m [2mballista_cli::tui::ui::main::jobs[0m[2m:[0m Failed to load the jobs: Reqwest(reqwest::Error { kind: Request, url: "http://localhost:50050/api/jobs", source: hyper_util::client::legacy::Error(Connect, ConnectError("tcp connect error", [::1]:50050, Os { code: 61, kind: ConnectionRefused, message: "Connection refused" })) })
[2m2026-09-12T07:57:42.810241+07:00[0m [31mERROR[0m [2mballista_cli::tui::http_client[0m[2m:[0m The HTTP GET request failed: reqwest::Error { kind: Request, url: "http://localhost:50050/api/jobs", source: hyper_util::client::legacy::Error(Connect, ConnectError("tcp connect error", [::1]:50050, Os { code: 61, kind: ConnectionRefused, message: "Connection refused" })) }
[2m2026-09-12T07:57:42.810277+07:00[0m [31mERROR[0m [2mballista_cli::tui::ui::main::jobs[0m[2m:[0m Failed to load the jobs: Reqwest(reqwest::Error { kind: Request, url: "http://localhost:50050/api/jobs", source: hyper_util::client::legacy::Error(Connect, ConnectError("tcp connect error", [::1]:50050, Os { code: 61, kind: ConnectionRefused, message: "Connection refused" })) })
[2m2026-09-12T07:57:44.876531+07:00[0m [31mERROR[0m [2mballista_cli::tui::http_client[0m[2m:[0m The HTTP GET request failed: reqwest::Error { kind: Request, url: "http://localhost:50050/api/jobs", source: hyper_util::client::legacy::Error(Connect, ConnectError("tcp connect error", [::1]:50050, Os { code: 61, kind: ConnectionRefused, message: "Connection refused" })) }
[2m2026-09-12T07:57:44.87664+07:00[0m [31mERROR[0m [2mballista_cli::tui::ui::main::jobs[0m[2m:[0m Failed to load the jobs: Reqwest(reqwest::Error { kind: Request, url: "http://localhost:50050/api/jobs", source: hyper_util::client::legacy::Error(Connect, ConnectError("tcp connect error", [::1]:50050, Os { code: 61, kind: ConnectionRefused, message: "Connection refused" })) })
[2m2026-09-12T07:57:46.811125+07:00[0m [31mERROR[0m [2mballista_cli::tui::http_client[0m[2m:[0m The HTTP GET request failed: reqwest::Error { kind: Request, url: "http://localhost:50050/api/jobs", source: hyper_util::client::legacy::Error(Connect, ConnectError("tcp connect error", [::1]:50050, Os { code: 61, kind: ConnectionRefused, message: "Connection refused" })) }
[2m2026-09-12T07:57:46.811178+07:00[0m [31mERROR[0m [2mballista_cli::tui::ui::main::jobs[0m[2m:[0m Failed to load the jobs: Reqwest(reqwest::Error { kind: Request, url: "http://localhost:50050/api/jobs", source: hyper_util::client::legacy::Error(Connect, ConnectError("tcp connect error", [::1]:50050, Os { code: 61, kind: ConnectionRefused, message: "Connection refused" })) })
[2m2026-09-12T07:57:48.813636+07:00[0m [31mERROR[0m [2mballista_cli::tui::http_client[0m[2m:[0m The HTTP GET request failed: reqwest::Error { kind: Request, url: "http://localhost:50050/api/jobs", source: hyper_util::client::legacy::Error(Connect, ConnectError("tcp connect error", [::1]:50050, Os { code: 61, kind: ConnectionRefused, message: "Connection refused" })) }
[2m2026-09-12T07:57:48.813913+07:00[0m [31mERROR[0m [2mballista_cli::tui::ui::main::jobs[0m[2m:[0m Failed to load the jobs: Reqwest(reqwest::Error { kind: Request, url: "http://localhost:50050/api/jobs", source: hyper_util::client::legacy::Error(Connect, ConnectError("tcp connect error", [::1]:50050, Os { code: 61, kind: ConnectionRefused, message: "Connection refused" })) })
[2m2026-09-12T07:57:50.809922+07:00[0m [31mERROR[0m [2mballista_cli::tui::http_client[0m[2m:[0m The HTTP GET request failed: reqwest::Error { kind: Request, url: "http://localhost:50050/api/jobs", source: hyper_util::client::legacy::Error(Connect, ConnectError("tcp connect error", [::1]:50050, Os { code: 61, kind: ConnectionRefused, message: "Connection refused" })) }
[2m2026-09-12T07:57:50.809962+07:00[0m [31mERROR[0m [2mballista_cli::tui::ui::main::jobs[0m[2m:[0m Failed to load the jobs: Reqwest(reqwest::Error { kind: Request, url: "http://localhost:50050/api/jobs", source: hyper_util::client::legacy::Error(Connect, ConnectError("tcp connect error", [::1]:50050, Os { code: 61, kind: ConnectionRefused, message: "Connection refused" })) })
[2m2026-09-12T07:57:52.810256+07:00[0m [31mERROR[0m [2mballista_cli::tui::http_client[0m[2m:[0m The HTTP GET request failed: reqwest::Error { kind: Request, url: "http://localhost:50050/api/jobs", source: hyper_util::client::legacy::Error(Connect, ConnectError("tcp connect error", [::1]:50050, Os { code: 61, kind: ConnectionRefused, message: "Connection refused" })) }
[2m2026-09-12T07:57:52.810304+07:00[0m [31mERROR[0m [2mballista_cli::tui::ui::main::jobs[0m[2m:[0m Failed to load the jobs: Reqwest(reqwest::Error { kind: Request, url: "http://localhost:50050/api/jobs", source: hyper_util::client::legacy::Error(Connect, ConnectError("tcp connect error", [::1]:50050, Os { code: 61, kind: ConnectionRefused, message: "Connection refused" })) })
[2m2026-09-12T07:59:48.947864+07:00[0m [31mERROR[0m [2mballista_cli::tui::http_client[0m[2m:[0m Failed to parse cancel response: Reqwest(reqwest::Error { kind: Decode, url: "http://localhost:50050/api/job/dDQvVvI", source: Error("missing field `canceled`", line: 1, column: 18) })
[2m2026-09-12T08:02:36.939376+07:00[0m [31mERROR[0m [2mballista_cli::tui::http_client[0m[2m:[0m The HTTP GET request failed: reqwest::Error { kind: Request, url: "http://localhost:50050/api/jobs", source: TimedOut }
[2m2026-09-12T08:02:36.939457+07:00[0m [31mERROR[0m [2mballista_cli::tui::ui::main::jobs[0m[2m:[0m Failed to load the jobs: Reqwest(reqwest::Error { kind: Request, url: "http://localhost:50050/api/jobs", source: TimedOut })
[2m2026-09-12T08:02:38.956779+07:00[0m [31mERROR[0m [2mballista_cli::tui::http_client[0m[2m:[0m The HTTP GET request failed: reqwest::Error { kind: Request, url: "http://localhost:50050/api/jobs", source: TimedOut }
[2m2026-09-12T08:02:38.957337+07:00[0m [31mERROR[0m [2mballista_cli::tui::ui::main::jobs[0m[2m:[0m Failed to load the jobs: Reqwest(reqwest::Error { kind: Request, url: "http://localhost:50050/api/jobs", source: TimedOut })
[2m2026-09-12T08:02:40.987608+07:00[0m [31mERROR[0m [2mballista_cli::tui::http_client[0m[2m:[0m The HTTP GET request failed: reqwest::Error { kind: Request, url: "http://localhost:50050/api/jobs", source: TimedOut }
[2m2026-09-12T08:02:40.987652+07:00[0m [31mERROR[0m [2mballista_cli::tui::ui::main::jobs[0m[2m:[0m Failed to load the jobs: Reqwest(reqwest::Error { kind: Request, url: "http://localhost:50050/api/jobs", source: TimedOut })
[2m2026-09-12T08:02:43.002607+07:00[0m [31mERROR[0m [2mballista_cli::tui::http_client[0m[2m:[0m The HTTP GET request failed: reqwest::Error { kind: Request, url: "http://localhost:50050/api/jobs", source: TimedOut }
[2m2026-09-12T08:02:43.002678+07:00[0m [31mERROR[0m [2mballista_cli::tui::ui::main::jobs[0m[2m:[0m Failed to load the jobs: Reqwest(reqwest::Error { kind: Request, url: "http://localhost:50050/api/jobs", source: TimedOut })
[2m2026-09-12T08:02:45.017955+07:00[0m [31mERROR[0m [2mballista_cli::tui::http_client[0m[2m:[0m The HTTP GET request failed: reqwest::Error { kind: Request, url: "http://localhost:50050/api/jobs", source: TimedOut }
[2m2026-09-12T08:02:45.017987+07:00[0m [31mERROR[0m [2mballista_cli::tui::ui::main::jobs[0m[2m:[0m Failed to load the jobs: Reqwest(reqwest::Error { kind: Request, url: "http://localhost:50050/api/jobs", source: TimedOut })
[2m2026-09-12T08:02:47.032734+07:00[0m [31mERROR[0m [2mballista_cli::tui::http_client[0m[2m:[0m The HTTP GET request failed: reqwest::Error { kind: Request, url: "http://localhost:50050/api/jobs", source: TimedOut }
[2m2026-09-12T08:02:47.032782+07:00[0m [31mERROR[0m [2mballista_cli::tui::ui::main::jobs[0m[2m:[0m Failed to load the jobs: Reqwest(reqwest::Error { kind: Request, url: "http://localhost:50050/api/jobs", source: TimedOut })
[2m2026-09-12T08:02:49.048267+07:00[0m [31mERROR[0m [2mballista_cli::tui::http_client[0m[2m:[0m The HTTP GET request failed: reqwest::Error { kind: Request, url: "http://localhost:50050/api/jobs", source: TimedOut }
[2m2026-09-12T08:02:49.048365+07:00[0m [31mERROR[0m [2mballista_cli::tui::ui::main::jobs[0m[2m:[0m Failed to load the jobs: Reqwest(reqwest::Error { kind: Request, url: "http://localhost:50050/api/jobs", source: TimedOut })
[2m2026-09-12T08:02:51.071035+07:00[0m [31mERROR[0m [2mballista_cli::tui::http_client[0m[2m:[0m The HTTP GET request failed: reqwest::Error { kind: Request, url: "http://localhost:50050/api/jobs", source: TimedOut }
[2m2026-09-12T08:02:51.071083+07:00[0m [31mERROR[0m [2mballista_cli::tui::ui::main::jobs[0m[2m:[0m Failed to load the jobs: Reqwest(reqwest::Error { kind: Request, url: "http://localhost:50050/api/jobs", source: TimedOut })
[2m2026-09-12T08:02:53.084078+07:00[0m [31mERROR[0m [2mballista_cli::tui::http_client[0m[2m:[0m The HTTP GET request failed: reqwest::Error { kind: Request, url: "http://localhost:50050/api/jobs", source: TimedOut }
[2m2026-09-12T08:02:53.08445+07:00[0m [31mERROR[0m [2mballista_cli::tui::ui::main::jobs[0m[2m:[0m Failed to load the jobs: Reqwest(reqwest::Error { kind: Request, url: "http://localhost:50050/api/jobs", source: TimedOut })
[2m2026-09-12T08:02:55.116587+07:00[0m [31mERROR[0m [2mballista_cli::tui::http_client[0m[2m:[0m The HTTP GET request failed: reqwest::Error { kind: Request, url: "http://localhost:50050/api/jobs", source: TimedOut }
[2m2026-09-12T08:02:55.117024+07:00[0m [31mERROR[0m [2mballista_cli::tui::ui::main::jobs[0m[2m:[0m Failed to load the jobs: Reqwest(reqwest::Error { kind: Request, url: "http://localhost:50050/api/jobs", source: TimedOut })
[2m2026-09-12T08:02:57.148307+07:00[0m [31mERROR[0m [2mballista_cli::tui::http_client[0m[2m:[0m The HTTP GET request failed: reqwest::Error { kind: Request, url: "http://localhost:50050/api/jobs", source: TimedOut }
[2m2026-09-12T08:02:57.148552+07:00[0m [31mERROR[0m [2mballista_cli::tui::ui::main::jobs[0m[2m:[0m Failed to load the jobs: Reqwest(reqwest::Error { kind: Request, url: "http://localhost:50050/api/jobs", source: TimedOut })
[2m2026-09-12T08:02:59.186941+07:00[0m [31mERROR[0m [2mballista_cli::tui::http_client[0m[2m:[0m The HTTP GET request failed: reqwest::Error { kind: Request, url: "http://localhost:50050/api/jobs", source: TimedOut }
[2m2026-09-12T08:02:59.187172+07:00[0m [31mERROR[0m [2mballista_cli::tui::ui::main::jobs[0m[2m:[0m Failed to load the jobs: Reqwest(reqwest::Error { kind: Request, url: "http://localhost:50050/api/jobs", source: TimedOut })
[2m2026-09-12T08:03:01.215457+07:00[0m [31mERROR[0m [2mballista_cli::tui::http_client[0m[2m:[0m The HTTP GET request failed: reqwest::Error { kind: Request, url: "http://localhost:50050/api/jobs", source: TimedOut }
[2m2026-09-12T08:03:01.215667+07:00[0m [31mERROR[0m [2mballista_cli::tui::ui::main::jobs[0m[2m:[0m Failed to load the jobs: Reqwest(reqwest::Error { kind: Request, url: "http://localhost:50050/api/jobs", source: TimedOut })
[2m2026-09-12T08:03:03.245908+07:00[0m [31mERROR[0m [2mballista_cli::tui::http_client[0m[2m:[0m The HTTP GET request failed: reqwest::Error { kind: Request, url: "http://localhost:50050/api/jobs", source: TimedOut }
[2m2026-09-12T08:03:03.245987+07:00[0m [31mERROR[0m [2mballista_cli::tui::ui::main::jobs[0m[2m:[0m Failed to load the jobs: Reqwest(reqwest::Error { kind: Request, url: "http://localhost:50050/api/jobs", source: TimedOut })
[2m2026-09-12T08:03:05.26694+07:00[0m [31mERROR[0m [2mballista_cli::tui::http_client[0m[2m:[0m The HTTP GET request failed: reqwest::Error { kind: Request, url: "http://localhost:50050/api/jobs", source: TimedOut }
[2m2026-09-12T08:03:05.26698+07:00[0m [31mERROR[0m [2mballista_cli::tui::ui::main::jobs[0m[2m:[0m Failed to load the jobs: Reqwest(reqwest::Error { kind: Request, url: "http://localhost:50050/api/jobs", source: TimedOut })
[2m2026-09-12T08:03:07.283256+07:00[0m [31mERROR[0m [2mballista_cli::tui::http_client[0m[2m:[0m The HTTP GET request failed: reqwest::Error { kind: Request, url: "http://localhost:50050/api/jobs", source: TimedOut }
[2m2026-09-12T08:03:07.283321+07:00[0m [31mERROR[0m [2mballista_cli::tui::ui::main::jobs[0m[2m:[0m Failed to load the jobs: Reqwest(reqwest::Error { kind: Request, url: "http://localhost:50050/api/jobs", source: TimedOut })
[2m2026-09-12T08:03:09.310564+07:00[0m [31mERROR[0m [2mballista_cli::tui::http_client[0m[2m:[0m The HTTP GET request failed: reqwest::Error { kind: Request, url: "http://localhost:50050/api/jobs", source: TimedOut }
[2m2026-09-12T08:03:09.310892+07:00[0m [31mERROR[0m [2mballista_cli::tui::ui::main::jobs[0m[2m:[0m Failed to load the jobs: Reqwest(reqwest::Error { kind: Request, url: "http://localhost:50050/api/jobs", source: TimedOut })
[2m2026-09-12T08:03:11.339192+07:00[0m [31mERROR[0m [2mballista_cli::tui::http_client[0m[2m:[0m The HTTP GET request failed: reqwest::Error { kind: Request, url: "http://localhost:50050/api/jobs", source: TimedOut }
[2m2026-09-12T08:03:11.339284+07:00[0m [31mERROR[0m [2mballista_cli::tui::ui::main::jobs[0m[2m:[0m Failed to load the jobs: Reqwest(reqwest::Error { kind: Request, url: "http://localhost:50050/api/jobs", source: TimedOut })
[2m2026-09-12T08:03:13.363527+07:00[0m [31mERROR[0m [2mballista_cli::tui::http_client[0m[2m:[0m The HTTP GET request failed: reqwest::Error { kind: Request, url: "http://localhost:50050/api/jobs", source: TimedOut }
[2m2026-09-12T08:03:13.363638+07:00[0m [31mERROR[0m [2mballista_cli::tui::ui::main::jobs[0m[2m:[0m Failed to load the jobs: Reqwest(reqwest::Error { kind: Request, url: "http://localhost:50050/api/jobs", source: TimedOut })
[2m2026-09-12T08:03:15.381671+07:00[0m [31mERROR[0m [2mballista_cli::tui::http_client[0m[2m:[0m The HTTP GET request failed: reqwest::Error { kind: Request, url: "http://localhost:50050/api/jobs", source: TimedOut }
[2m2026-09-12T08:03:15.381954+07:00[0m [31mERROR[0m [2mballista_cli::tui::ui::main::jobs[0m[2m:[0m Failed to load the jobs: Reqwest(reqwest::Error { kind: Request, url: "http://localhost:50050/api/jobs", source: TimedOut })
[2m2026-09-12T08:03:17.412971+07:00[0m [31mERROR[0m [2mballista_cli::tui::http_client[0m[2m:[0m The HTTP GET request failed: reqwest::Error { kind: Request, url: "http://localhost:50050/api/jobs", source: TimedOut }
[2m2026-09-12T08:03:17.413046+07:00[0m [31mERROR[0m [2mballista_cli::tui::ui::main::jobs[0m[2m:[0m Failed to load the jobs: Reqwest(reqwest::Error { kind: Request, url: "http://localhost:50050/api/jobs", source: TimedOut })
[2m2026-09-12T08:03:19.436725+07:00[0m [31mERROR[0m [2mballista_cli::tui::http_client[0m[2m:[0m The HTTP GET request failed: reqwest::Error { kind: Request, url: "http://localhost:50050/api/jobs", source: TimedOut }
[2m2026-09-12T08:03:19.436765+07:00[0m [31mERROR[0m [2mballista_cli::tui::ui::main::jobs[0m[2m:[0m Failed to load the jobs: Reqwest(reqwest::Error { kind: Request, url: "http://localhost:50050/api/jobs", source: TimedOut })
[2m2026-09-12T08:03:21.455903+07:00[0m [31mERROR[0m [2mballista_cli::tui::http_client[0m[2m:[0m The HTTP GET request failed: reqwest::Error { kind: Request, url: "http://localhost:50050/api/jobs", source: TimedOut }
[2m2026-09-12T08:03:21.455962+07:00[0m [31mERROR[0m [2mballista_cli::tui::ui::main::jobs[0m[2m:[0m Failed to load the jobs: Reqwest(reqwest::Error { kind: Request, url: "http://localhost:50050/api/jobs", source: TimedOut })
[2m2026-09-12T08:03:23.474226+07:00[0m [31mERROR[0m [2mballista_cli::tui::http_client[0m[2m:[0m The HTTP GET request failed: reqwest::Error { kind: Request, url: "http://localhost:50050/api/jobs", source: TimedOut }
[2m2026-09-12T08:03:23.474431+07:00[0m [31mERROR[0m [2mballista_cli::tui::ui::main::jobs[0m[2m:[0m Failed to load the jobs: Reqwest(reqwest::Error { kind: Request, url: "http://localhost:50050/api/jobs", source: TimedOut })
[2m2026-09-12T08:03:25.522957+07:00[0m [31mERROR[0m [2mballista_cli::tui::http_client[0m[2m:[0m The HTTP GET request failed: reqwest::Error { kind: Request, url: "http://localhost:50050/api/jobs", source: TimedOut }
[2m2026-09-12T08:03:25.523264+07:00[0m [31mERROR[0m [2mballista_cli::tui::ui::main::jobs[0m[2m:[0m Failed to load the jobs: Reqwest(reqwest::Error { kind: Request, url: "http://localhost:50050/api/jobs", source: TimedOut })
[2m2026-09-12T08:03:27.557094+07:00[0m [31mERROR[0m [2mballista_cli::tui::http_client[0m[2m:[0m The HTTP GET request failed: reqwest::Error { kind: Request, url: "http://localhost:50050/api/jobs", source: TimedOut }
[2m2026-09-12T08:03:27.557366+07:00[0m [31mERROR[0m [2mballista_cli::tui::ui::main::jobs[0m[2m:[0m Failed to load the jobs: Reqwest(reqwest::Error { kind: Request, url: "http://localhost:50050/api/jobs", source: TimedOut })
[2m2026-09-12T08:03:29.596124+07:00[0m [31mERROR[0m [2mballista_cli::tui::http_client[0m[2m:[0m The HTTP GET request failed: reqwest::Error { kind: Request, url: "http://localhost:50050/api/jobs", source: TimedOut }
[2m2026-09-12T08:03:29.596429+07:00[0m [31mERROR[0m [2mballista_cli::tui::ui::main::jobs[0m[2m:[0m Failed to load the jobs: Reqwest(reqwest::Error { kind: Request, url: "http://localhost:50050/api/jobs", source: TimedOut })
[2m2026-09-12T08:03:31.644924+07:00[0m [31mERROR[0m [2mballista_cli::tui::http_client[0m[2m:[0m The HTTP GET request failed: reqwest::Error { kind: Request, url: "http://localhost:50050/api/jobs", source: TimedOut }
[2m2026-09-12T08:03:31.645265+07:00[0m [31mERROR[0m [2mballista_cli::tui::ui::main::jobs[0m[2m:[0m Failed to load the jobs: Reqwest(reqwest::Error { kind: Request, url: "http://localhost:50050/api/jobs", source: TimedOut })
[2m2026-09-12T08:03:33.680986+07:00[0m [31mERROR[0m [2mballista_cli::tui::http_client[0m[2m:[0m The HTTP GET request failed: reqwest::Error { kind: Request, url: "http://localhost:50050/api/jobs", source: TimedOut }
[2m2026-09-12T08:03:33.681222+07:00[0m [31mERROR[0m [2mballista_cli::tui::ui::main::jobs[0m[2m:[0m Failed to load the jobs: Reqwest(reqwest::Error { kind: Request, url: "http://localhost:50050/api/jobs", source: TimedOut })
[2m2026-09-12T08:03:35.721309+07:00[0m [31mERROR[0m [2mballista_cli::tui::http_client[0m[2m:[0m The HTTP GET request failed: reqwest::Error { kind: Request, url: "http://localhost:50050/api/jobs", source: TimedOut }
[2m2026-09-12T08:03:35.721509+07:00[0m [31mERROR[0m [2mballista_cli::tui::ui::main::jobs[0m[2m:[0m Failed to load the jobs: Reqwest(reqwest::Error { kind: Request, url: "http://localhost:50050/api/jobs", source: TimedOut })
[2m2026-09-12T08:03:37.763119+07:00[0m [31mERROR[0m [2mballista_cli::tui::http_client[0m[2m:[0m The HTTP GET request failed: reqwest::Error { kind: Request, url: "http://localhost:50050/api/jobs", source: TimedOut }
[2m2026-09-12T08:03:37.763383+07:00[0m [31mERROR[0m [2mballista_cli::tui::ui::main::jobs[0m[2m:[0m Failed to load the jobs: Reqwest(reqwest::Error { kind: Request, url: "http://localhost:50050/api/jobs", source: TimedOut })
[2m2026-09-12T08:03:39.797556+07:00[0m [31mERROR[0m [2mballista_cli::tui::http_client[0m[2m:[0m The HTTP GET request failed: reqwest::Error { kind: Request, url: "http://localhost:50050/api/jobs", source: TimedOut }
[2m2026-09-12T08:03:39.797667+07:00[0m [31mERROR[0m [2mballista_cli::tui::ui::main::jobs[0m[2m:[0m Failed to load the jobs: Reqwest(reqwest::Error { kind: Request, url: "http://localhost:50050/api/jobs", source: TimedOut })
[2m2026-09-12T08:03:41.832825+07:00[0m [31mERROR[0m [2mballista_cli::tui::http_client[0m[2m:[0m The HTTP GET request failed: reqwest::Error { kind: Request, url: "http://localhost:50050/api/jobs", source: TimedOut }
[2m2026-09-12T08:03:41.833089+07:00[0m [31mERROR[0m [2mballista_cli::tui::ui::main::jobs[0m[2m:[0m Failed to load the jobs: Reqwest(reqwest::Error { kind: Request, url: "http://localhost:50050/api/jobs", source: TimedOut })
[2m2026-09-12T08:03:43.870481+07:00[0m [31mERROR[0m [2mballista_cli::tui::http_client[0m[2m:[0m The HTTP GET request failed: reqwest::Error { kind: Request, url: "http://localhost:50050/api/jobs", source: TimedOut }
[2m2026-09-12T08:03:43.870899+07:00[0m [31mERROR[0m [2mballista_cli::tui::ui::main::jobs[0m[2m:[0m Failed to load the jobs: Reqwest(reqwest::Error { kind: Request, url: "http://localhost:50050/api/jobs", source: TimedOut })
[2m2026-09-12T08:03:45.910215+07:00[0m [31mERROR[0m [2mballista_cli::tui::http_client[0m[2m:[0m The HTTP GET request failed: reqwest::Error { kind: Request, url: "http://localhost:50050/api/jobs", source: TimedOut }
[2m2026-09-12T08:03:45.910258+07:00[0m [31mERROR[0m [2mballista_cli::tui::ui::main::jobs[0m[2m:[0m Failed to load the jobs: Reqwest(reqwest::Error { kind: Request, url: "http://localhost:50050/api/jobs", source: TimedOut })
[2m2026-09-12T08:03:47.927516+07:00[0m [31mERROR[0m [2mballista_cli::tui::http_client[0m[2m:[0m The HTTP GET request failed: reqwest::Error { kind: Request, url: "http://localhost:50050/api/jobs", source: TimedOut }
[2m2026-09-12T08:03:47.927581+07:00[0m [31mERROR[0m [2mballista_cli::tui::ui::main::jobs[0m[2m:[0m Failed to load the jobs: Reqwest(reqwest::Error { kind: Request, url: "http://localhost:50050/api/jobs", source: TimedOut })
[2m2026-09-12T08:03:49.944374+07:00[0m [31mERROR[0m [2mballista_cli::tui::http_client[0m[2m:[0m The HTTP GET request failed: reqwest::Error { kind: Request, url: "http://localhost:50050/api/jobs", source: TimedOut }
[2m2026-09-12T08:03:49.944468+07:00[0m [31mERROR[0m [2mballista_cli::tui::ui::main::jobs[0m[2m:[0m Failed to load the jobs: Reqwest(reqwest::Error { kind: Request, url: "http://localhost:50050/api/jobs", source: TimedOut })
[2m2026-09-12T08:03:51.965822+07:00[0m [31mERROR[0m [2mballista_cli::tui::http_client[0m[2m:[0m The HTTP GET request failed: reqwest::Error { kind: Request, url: "http://localhost:50050/api/jobs", source: TimedOut }
[2m2026-09-12T08:03:51.965947+07:00[0m [31mERROR[0m [2mballista_cli::tui::ui::main::jobs[0m[2m:[0m Failed to load the jobs: Reqwest(reqwest::Error { kind: Request, url: "http://localhost:50050/api/jobs", source: TimedOut })
[2m2026-09-12T08:03:53.989183+07:00[0m [31mERROR[0m [2mballista_cli::tui::http_client[0m[2m:[0m The HTTP GET request failed: reqwest::Error { kind: Request, url: "http://localhost:50050/api/jobs", source: TimedOut }
[2m2026-09-12T08:03:53.989285+07:00[0m [31mERROR[0m [2mballista_cli::tui::ui::main::jobs[0m[2m:[0m Failed to load the jobs: Reqwest(reqwest::Error { kind: Request, url: "http://localhost:50050/api/jobs", source: TimedOut })
[2m2026-09-12T08:03:56.012064+07:00[0m [31mERROR[0m [2mballista_cli::tui::http_client[0m[2m:[0m The HTTP GET request failed: reqwest::Error { kind: Request, url: "http://localhost:50050/api/jobs", source: TimedOut }
[2m2026-09-12T08:03:56.012435+07:00[0m [31mERROR[0m [2mballista_cli::tui::ui::main::jobs[0m[2m:[0m Failed to load the jobs: Reqwest(reqwest::Error { kind: Request, url: "http://localhost:50050/api/jobs", source: TimedOut })
[2m2026-09-12T08:03:58.04436+07:00[0m [31mERROR[0m [2mballista_cli::tui::http_client[0m[2m:[0m The HTTP GET request failed: reqwest::Error { kind: Request, url: "http://localhost:50050/api/jobs", source: TimedOut }
[2m2026-09-12T08:03:58.045404+07:00[0m [31mERROR[0m [2mballista_cli::tui::ui::main::jobs[0m[2m:[0m Failed to load the jobs: Reqwest(reqwest::Error { kind: Request, url: "http://localhost:50050/api/jobs", source: TimedOut })
[2m2026-09-12T08:04:00.085826+07:00[0m [31mERROR[0m [2mballista_cli::tui::http_client[0m[2m:[0m The HTTP GET request failed: reqwest::Error { kind: Request, url: "http://localhost:50050/api/jobs", source: TimedOut }
[2m2026-09-12T08:04:00.086216+07:00[0m [31mERROR[0m [2mballista_cli::tui::ui::main::jobs[0m[2m:[0m Failed to load the jobs: Reqwest(reqwest::Error { kind: Request, url: "http://localhost:50050/api/jobs", source: TimedOut })
[2m2026-09-12T08:04:02.119843+07:00[0m [31mERROR[0m [2mballista_cli::tui::http_client[0m[2m:[0m The HTTP GET request failed: reqwest::Error { kind: Request, url: "http://localhost:50050/api/jobs", source: TimedOut }
[2m2026-09-12T08:04:02.120375+07:00[0m [31mERROR[0m [2mballista_cli::tui::ui::main::jobs[0m[2m:[0m Failed to load the jobs: Reqwest(reqwest::Error { kind: Request, url: "http://localhost:50050/api/jobs", source: TimedOut })
[2m2026-09-12T08:04:04.158933+07:00[0m [31mERROR[0m [2mballista_cli::tui::http_client[0m[2m:[0m The HTTP GET request failed: reqwest::Error { kind: Request, url: "http://localhost:50050/api/jobs", source: TimedOut }
[2m2026-09-12T08:04:04.159051+07:00[0m [31mERROR[0m [2mballista_cli::tui::ui::main::jobs[0m[2m:[0m Failed to load the jobs: Reqwest(reqwest::Error { kind: Request, url: "http://localhost:50050/api/jobs", source: TimedOut })
[2m2026-09-12T08:04:06.185127+07:00[0m [31mERROR[0m [2mballista_cli::tui::http_client[0m[2m:[0m The HTTP GET request failed: reqwest::Error { kind: Request, url: "http://localhost:50050/api/jobs", source: TimedOut }
[2m2026-09-12T08:04:06.185196+07:00[0m [31mERROR[0m [2mballista_cli::tui::ui::main::jobs[0m[2m:[0m Failed to load the jobs: Reqwest(reqwest::Error { kind: Request, url: "http://localhost:50050/api/jobs", source: TimedOut })
[2m2026-09-12T08:04:07.357004+07:00[0m [31mERROR[0m [2mballista_cli::tui::http_client[0m[2m:[0m The HTTP GET request failed: reqwest::Error { kind: Request, url: "http://localhost:50050/api/jobs", source: hyper_util::client::legacy::Error(SendRequest, hyper::Error(Io, Os { code: 54, kind: ConnectionReset, message: "Connection reset by peer" })) }
[2m2026-09-12T08:04:07.357087+07:00[0m [31mERROR[0m [2mballista_cli::tui::ui::main::jobs[0m[2m:[0m Failed to load the jobs: Reqwest(reqwest::Error { kind: Request, url: "http://localhost:50050/api/jobs", source: hyper_util::client::legacy::Error(SendRequest, hyper::Error(Io, Os { code: 54, kind: ConnectionReset, message: "Connection reset by peer" })) })
[2m2026-09-12T08:04:07.375996+07:00[0m [31mERROR[0m [2mballista_cli::tui::http_client[0m[2m:[0m The HTTP GET request failed: reqwest::Error { kind: Request, url: "http://localhost:50050/api/jobs", source: hyper_util::client::legacy::Error(Connect, ConnectError("tcp connect error", [::1]:50050, Os { code: 61, kind: ConnectionRefused, message: "Connection refused" })) }
[2m2026-09-12T08:04:07.376027+07:00[0m [31mERROR[0m [2mballista_cli::tui::ui::main::jobs[0m[2m:[0m Failed to load the jobs: Reqwest(reqwest::Error { kind: Request, url: "http://localhost:50050/api/jobs", source: hyper_util::client::legacy::Error(Connect, ConnectError("tcp connect error", [::1]:50050, Os { code: 61, kind: ConnectionRefused, message: "Connection refused" })) })
[2m2026-09-12T08:04:08.937809+07:00[0m [31mERROR[0m [2mballista_cli::tui::http_client[0m[2m:[0m The HTTP GET request failed: reqwest::Error { kind: Request, url: "http://localhost:50050/api/jobs", source: hyper_util::client::legacy::Error(Connect, ConnectError("tcp connect error", [::1]:50050, Os { code: 61, kind: ConnectionRefused, message: "Connection refused" })) }
[2m2026-09-12T08:04:08.937849+07:00[0m [31mERROR[0m [2mballista_cli::tui::ui::main::jobs[0m[2m:[0m Failed to load the jobs: Reqwest(reqwest::Error { kind: Request, url: "http://localhost:50050/api/jobs", source: hyper_util::client::legacy::Error(Connect, ConnectError("tcp connect error", [::1]:50050, Os { code: 61, kind: ConnectionRefused, message: "Connection refused" })) })
[2m2026-09-12T08:04:10.93686+07:00[0m [31mERROR[0m [2mballista_cli::tui::http_client[0m[2m:[0m The HTTP GET request failed: reqwest::Error { kind: Request, url: "http://localhost:50050/api/jobs", source: hyper_util::client::legacy::Error(Connect, ConnectError("tcp connect error", [::1]:50050, Os { code: 61, kind: ConnectionRefused, message: "Connection refused" })) }
[2m2026-09-12T08:04:10.9369+07:00[0m [31mERROR[0m [2mballista_cli::tui::ui::main::jobs[0m[2m:[0m Failed to load the jobs: Reqwest(reqwest::Error { kind: Request, url: "http://localhost:50050/api/jobs", source: hyper_util::client::legacy::Error(Connect, ConnectError("tcp connect error", [::1]:50050, Os { code: 61, kind: ConnectionRefused, message: "Connection refused" })) })
[2m2026-09-12T08:04:12.93768+07:00[0m [31mERROR[0m [2mballista_cli::tui::http_client[0m[2m:[0m The HTTP GET request failed: reqwest::Error { kind: Request, url: "http://localhost:50050/api/jobs", source: hyper_util::client::legacy::Error(Connect, ConnectError("tcp connect error", [::1]:50050, Os { code: 61, kind: ConnectionRefused, message: "Connection refused" })) }
[2m2026-09-12T08:04:12.937715+07:00[0m [31mERROR[0m [2mballista_cli::tui::ui::main::jobs[0m[2m:[0m Failed to load the jobs: Reqwest(reqwest::Error { kind: Request, url: "http://localhost:50050/api/jobs", source: hyper_util::client::legacy::Error(Connect, ConnectError("tcp connect error", [::1]:50050, Os { code: 61, kind: ConnectionRefused, message: "Connection refused" })) })
[2m2026-09-12T08:04:14.937882+07:00[0m [31mERROR[0m [2mballista_cli::tui::http_client[0m[2m:[0m The HTTP GET request failed: reqwest::Error { kind: Request, url: "http://localhost:50050/api/jobs", source: hyper_util::client::legacy::Error(Connect, ConnectError("tcp connect error", [::1]:50050, Os { code: 61, kind: ConnectionRefused, message: "Connection refused" })) }
[2m2026-09-12T08:04:14.937916+07:00[0m [31mERROR[0m [2mballista_cli::tui::ui::main::jobs[0m[2m:[0m Failed to load the jobs: Reqwest(reqwest::Error { kind: Request, url: "http://localhost:50050/api/jobs", source: hyper_util::client::legacy::Error(Connect, ConnectError("tcp connect error", [::1]:50050, Os { code: 61, kind: ConnectionRefused, message: "Connection refused" })) })
[2m2026-09-12T08:04:16.941809+07:00[0m [31mERROR[0m [2mballista_cli::tui::http_client[0m[2m:[0m The HTTP GET request failed: reqwest::Error { kind: Request, url: "http://localhost:50050/api/jobs", source: hyper_util::client::legacy::Error(Connect, ConnectError("tcp connect error", [::1]:50050, Os { code: 61, kind: ConnectionRefused, message: "Connection refused" })) }
[2m2026-09-12T08:04:16.941906+07:00[0m [31mERROR[0m [2mballista_cli::tui::ui::main::jobs[0m[2m:[0m Failed to load the jobs: Reqwest(reqwest::Error { kind: Request, url: "http://localhost:50050/api/jobs", source: hyper_util::client::legacy::Error(Connect, ConnectError("tcp connect error", [::1]:50050, Os { code: 61, kind: ConnectionRefused, message: "Connection refused" })) })
